###############################################################################
#
# IAR ELF Linker V8.20.1.14183/W32 for ARM                27/Dec/2017  15:36:45
# Copyright 2007-2017 IAR Systems AB.
#
#    Output file  =  
#        C:\Users\ZephRay\Documents\ARM\RT_USHI\IAR\Debug\Exe\Project.out
#    Map file     =  
#        C:\Users\ZephRay\Documents\ARM\RT_USHI\IAR\Debug\List\Project.map
#    Command line =  
#        -f C:\Users\ZephRay\AppData\Local\Temp\EWF396.tmp
#        (C:\Users\ZephRay\Documents\ARM\RT_USHI\IAR\Debug\Obj\board.o
#        C:\Users\ZephRay\Documents\ARM\RT_USHI\IAR\Debug\Obj\clock_config.o
#        C:\Users\ZephRay\Documents\ARM\RT_USHI\IAR\Debug\Obj\diskio.o
#        C:\Users\ZephRay\Documents\ARM\RT_USHI\IAR\Debug\Obj\ff.o
#        C:\Users\ZephRay\Documents\ARM\RT_USHI\IAR\Debug\Obj\fsl_assert.o
#        C:\Users\ZephRay\Documents\ARM\RT_USHI\IAR\Debug\Obj\fsl_cache.o
#        C:\Users\ZephRay\Documents\ARM\RT_USHI\IAR\Debug\Obj\fsl_clock.o
#        C:\Users\ZephRay\Documents\ARM\RT_USHI\IAR\Debug\Obj\fsl_common.o
#        C:\Users\ZephRay\Documents\ARM\RT_USHI\IAR\Debug\Obj\fsl_debug_console.o
#        C:\Users\ZephRay\Documents\ARM\RT_USHI\IAR\Debug\Obj\fsl_dmamux.o
#        C:\Users\ZephRay\Documents\ARM\RT_USHI\IAR\Debug\Obj\fsl_edma.o
#        C:\Users\ZephRay\Documents\ARM\RT_USHI\IAR\Debug\Obj\fsl_elcdif.o
#        C:\Users\ZephRay\Documents\ARM\RT_USHI\IAR\Debug\Obj\fsl_gpio.o
#        C:\Users\ZephRay\Documents\ARM\RT_USHI\IAR\Debug\Obj\fsl_io.o
#        C:\Users\ZephRay\Documents\ARM\RT_USHI\IAR\Debug\Obj\fsl_log.o
#        C:\Users\ZephRay\Documents\ARM\RT_USHI\IAR\Debug\Obj\fsl_lpi2c.o
#        C:\Users\ZephRay\Documents\ARM\RT_USHI\IAR\Debug\Obj\fsl_lpuart.o
#        C:\Users\ZephRay\Documents\ARM\RT_USHI\IAR\Debug\Obj\fsl_notifier.o
#        C:\Users\ZephRay\Documents\ARM\RT_USHI\IAR\Debug\Obj\fsl_sd.o
#        C:\Users\ZephRay\Documents\ARM\RT_USHI\IAR\Debug\Obj\fsl_sd_disk.o
#        C:\Users\ZephRay\Documents\ARM\RT_USHI\IAR\Debug\Obj\fsl_sdmmc_common.o
#        C:\Users\ZephRay\Documents\ARM\RT_USHI\IAR\Debug\Obj\fsl_sdmmc_event.o
#        C:\Users\ZephRay\Documents\ARM\RT_USHI\IAR\Debug\Obj\fsl_sdmmc_host.o
#        C:\Users\ZephRay\Documents\ARM\RT_USHI\IAR\Debug\Obj\fsl_shell.o
#        C:\Users\ZephRay\Documents\ARM\RT_USHI\IAR\Debug\Obj\fsl_str.o
#        C:\Users\ZephRay\Documents\ARM\RT_USHI\IAR\Debug\Obj\fsl_usdhc.o
#        C:\Users\ZephRay\Documents\ARM\RT_USHI\IAR\Debug\Obj\main.o
#        C:\Users\ZephRay\Documents\ARM\RT_USHI\IAR\Debug\Obj\pin_mux.o
#        C:\Users\ZephRay\Documents\ARM\RT_USHI\IAR\Debug\Obj\startup_MIMXRT1052.o
#        C:\Users\ZephRay\Documents\ARM\RT_USHI\IAR\Debug\Obj\system_MIMXRT1052.o
#        -o C:\Users\ZephRay\Documents\ARM\RT_USHI\IAR\Debug\Exe\Project.out
#        --map
#        C:\Users\ZephRay\Documents\ARM\RT_USHI\IAR\Debug\List\Project.map
#        --config
#        C:\Users\ZephRay\Documents\ARM\RT_USHI\IAR\MIMXRT1052xxxxx_sdram.icf
#        --semihosting --entry __iar_program_start --vfe --text_out locale)
#
###############################################################################

*******************************************************************************
*** RUNTIME MODEL ATTRIBUTES
***

CppFlavor       = *
__Heap_Handler  = DLMalloc
__SystemLibrary = DLib
__dlib_version  = 6


*******************************************************************************
*** HEAP SELECTION
***

The advanced heap was selected because the application calls memory
allocation functions outside of system library functions, and there
are calls to deallocation functions in the application.


*******************************************************************************
*** PLACEMENT SUMMARY
***

"A0":  place at 0x00000000 { ro section .intvec };
"P1":  place in [from 0x00000000 to 0x000003ff] |
                [from 0x00000400 to 0x0001ffff] { ro };
define block ZI
   with alignment = 32 { first zi, section m_usb_dma_noninit_data };
define block RW { first rw, section m_usb_dma_init_data };
"P2":  place in [from 0x20200000 to 0x2023ffff] { block ZI, block RW };
define block CSTACK with size = 128K, alignment = 8 { };
"P4":  place in [from 0x20000000 to 0x2001ffff] { block CSTACK };
define block NCACHE_VAR
   with size = 4M, alignment = 1M {
      section NonCacheable, section NonCacheable.init };
"P5":  place in [from 0x81c00000 to 0x81ffffff] { block NCACHE_VAR };
initialize by copy { rw, section .textrw };

No sections matched the following patterns:

  section NonCacheable.init       in block NCACHE_VAR
  section m_usb_dma_init_data     in block RW
  section m_usb_dma_noninit_data  in block ZI


  Section            Kind        Address      Size  Object
  -------            ----        -------      ----  ------
"A0":                                        0x400
  .intvec            ro code  0x00000000     0x400  startup_MIMXRT1052.o [1]
                            - 0x00000400     0x400

"P1":                                       0x84f4
  .text              ro code  0x00000400    0x16e8  fsl_sd.o [1]
  .text              ro code  0x00001ae8      0x18  fsl_assert.o [1]
  .text              ro code  0x00001b00     0x3b4  fsl_sdmmc_common.o [1]
  .text              ro code  0x00001eb4     0xf84  fsl_usdhc.o [1]
  .text              ro code  0x00002e38       0x6  ABImemclr4.o [5]
  .rodata            const    0x00002e3e       0x2  fsl_elcdif.o [1]
  .text              ro code  0x00002e40      0x66  ABImemset.o [5]
  .rodata            const    0x00002ea6       0x2  fsl_elcdif.o [1]
  .text              ro code  0x00002ea8      0xa6  ABImemcpy.o [5]
  .text              ro code  0x00002f4e       0x2  startup_MIMXRT1052.o [1]
  .text              ro code  0x00002f50     0x4b8  fsl_sdmmc_host.o [1]
  .text              ro code  0x00003408      0xaa  fsl_debug_console.o [1]
  .text              ro code  0x000034b2       0x2  startup_MIMXRT1052.o [1]
  .text              ro code  0x000034b4      0x32  ABImemset48.o [5]
  .text              ro code  0x000034e6       0x2  startup_MIMXRT1052.o [1]
  .text              ro code  0x000034e8     0x140  fsl_sdmmc_event.o [1]
  .text              ro code  0x00003628     0x1d6  fsl_gpio.o [1]
  .text              ro code  0x000037fe       0x2  startup_MIMXRT1052.o [1]
  .text              ro code  0x00003800      0x70  fsl_log.o [1]
  .text              ro code  0x00003870     0x486  fsl_str.o [1]
  .text              ro code  0x00003cf6       0x2  startup_MIMXRT1052.o [1]
  .text              ro code  0x00003cf8     0x630  fsl_clock.o [1]
  .text              ro code  0x00004328      0xd4  fsl_io.o [1]
  .text              ro code  0x000043fc      0x9e  modf.o [4]
  .text              ro code  0x0000449a      0x2c  copy_init3.o [5]
  .text              ro code  0x000044c6       0x2  startup_MIMXRT1052.o [1]
  .text              ro code  0x000044c8     0x990  pow64.o [4]
  .text              ro code  0x00004e58      0x5c  DblToS64.o [4]
  .text              ro code  0x00004eb4      0x52  S64ToDbl.o [4]
  .text              ro code  0x00004f06       0x2  startup_MIMXRT1052.o [1]
  .text              ro code  0x00004f08      0x36  strlen.o [5]
  .text              ro code  0x00004f3e       0x2  startup_MIMXRT1052.o [1]
  .text              ro code  0x00004f40     0x22e  I64DivMod.o [5]
  .rodata            const    0x0000516e       0x1  clock_config.o [1]
  .text              ro code  0x00005170     0x52c  fsl_lpuart.o [1]
  .text              ro code  0x0000569c      0x7c  frexp.o [4]
  .text              ro code  0x00005718     0x384  iar_Exp64.o [4]
  .text              ro code  0x00005a9c       0x2  I64DivZer.o [5]
  .text              ro code  0x00005aa0      0xf0  ldexp.o [4]
  .text              ro code  0x00005b90     0x7a4  pin_mux.o [1]
  .text              ro code  0x00006334     0x69c  main.o [1]
  .text              ro code  0x000069d0     0x4e4  ff.o [1]
  .text              ro code  0x00006eb4     0x1b2  fsl_elcdif.o [1]
  .text              ro code  0x00007068     0x2ec  board.o [1]
  .text              ro code  0x00007354     0x22c  clock_config.o [1]
  .text              ro code  0x00007580      0x5c  diskio.o [1]
  .text              ro code  0x000075dc     0x244  system_MIMXRT1052.o [1]
  .text              ro code  0x00007820      0x98  fsl_sd_disk.o [1]
  .text              ro code  0x000078b8     0x434  fsl_edma.o [1]
  .text              ro code  0x00007cec      0x84  fsl_lpi2c.o [1]
  .rodata            const    0x00007d70      0x58  fsl_debug_console.o [1]
  .rodata            const    0x00007dc8      0x54  fsl_log.o [1]
  .rodata            const    0x00007e1c      0x54  fsl_sdmmc_host.o [1]
  .rodata            const    0x00007e70      0x50  clock_config.o [1]
  .rodata            const    0x00007ec0      0x50  fsl_edma.o [1]
  .rodata            const    0x00007f10      0x50  fsl_elcdif.o [1]
  .rodata            const    0x00007f60      0x50  fsl_elcdif.o [1]
  .rodata            const    0x00007fb0      0x50  fsl_gpio.o [1]
  .rodata            const    0x00008000      0x50  fsl_gpio.o [1]
  .rodata            const    0x00008050      0x50  fsl_io.o [1]
  .rodata            const    0x000080a0      0x50  fsl_lpuart.o [1]
  .rodata            const    0x000080f0      0x50  fsl_lpuart.o [1]
  .rodata            const    0x00008140      0x50  fsl_sdmmc_common.o [1]
  .rodata            const    0x00008190      0x50  fsl_usdhc.o [1]
  .rodata            const    0x000081e0      0x50  fsl_usdhc.o [1]
  .rodata            const    0x00008230      0x50  main.o [1]
  .rodata            const    0x00008280      0x50  pin_mux.o [1]
  .rodata            const    0x000082d0      0x48  fsl_sd.o [1]
  .text              ro code  0x00008318      0x40  zero_init3.o [5]
  Initializer bytes  const    0x00008358      0x34  <for RW-1>
  .rodata            const    0x0000838c      0x2c  fsl_assert.o [1]
  .text              ro code  0x000083b8      0x28  startup_MIMXRT1052.o [1]
  .text              ro code  0x000083e0      0x28  data_init.o [5]
  .rodata            const    0x00008408      0x24  fsl_lpuart.o [1]
  .text              ro code  0x0000842c      0x22  fpinit_M.o [4]
  .iar.init_table    const    0x00008450      0x2c  - Linker created -
  .rodata            const    0x0000847c      0x20  main.o [1]
  .text              ro code  0x0000849c      0x1e  cmain.o [5]
  .text              ro code  0x000084ba       0x4  low_level_init.o [3]
  .text              ro code  0x000084be       0x4  exit.o [3]
  .text              ro code  0x000084c4       0xa  cexit.o [5]
  .text              ro code  0x000084d0      0x14  exit.o [6]
  .rodata            const    0x000084e4      0x18  fsl_gpio.o [1]
  .rodata            const    0x000084fc      0x18  fsl_sdmmc_host.o [1]
  .rodata            const    0x00008514      0x18  main.o [1]
  .rodata            const    0x0000852c      0x18  main.o [1]
  .rodata            const    0x00008544      0x18  main.o [1]
  .rodata            const    0x0000855c      0x18  main.o [1]
  .rodata            const    0x00008574      0x18  main.o [1]
  .rodata            const    0x0000858c      0x18  main.o [1]
  .rodata            const    0x000085a4      0x18  main.o [1]
  .rodata            const    0x000085bc      0x14  fsl_lpuart.o [1]
  .rodata            const    0x000085d0      0x14  main.o [1]
  .rodata            const    0x000085e4      0x14  main.o [1]
  .rodata            const    0x000085f8      0x10  fsl_clock.o [1]
  .rodata            const    0x00008608       0xc  clock_config.o [1]
  .rodata            const    0x00008614       0xc  fsl_gpio.o [1]
  .rodata            const    0x00008620       0xc  fsl_usdhc.o [1]
  .rodata            const    0x0000862c       0xc  main.o [1]
  .text              ro code  0x00008638       0xc  cstartup_M.o [5]
  .rodata            const    0x00008644       0x8  clock_config.o [1]
  .rodata            const    0x0000864c       0x8  fsl_debug_console.o [1]
  .rodata            const    0x00008654       0x8  fsl_edma.o [1]
  .rodata            const    0x0000865c       0x8  fsl_elcdif.o [1]
  .rodata            const    0x00008664       0x8  fsl_gpio.o [1]
  .rodata            const    0x0000866c       0x8  fsl_io.o [1]
  .rodata            const    0x00008674       0x8  fsl_log.o [1]
  .rodata            const    0x0000867c       0x8  fsl_lpuart.o [1]
  .rodata            const    0x00008684       0x8  fsl_sd.o [1]
  .rodata            const    0x0000868c       0x8  fsl_sd.o [1]
  .rodata            const    0x00008694       0x8  fsl_sd.o [1]
  .rodata            const    0x0000869c       0x8  fsl_sd.o [1]
  .rodata            const    0x000086a4       0x8  fsl_sd.o [1]
  .rodata            const    0x000086ac       0x8  fsl_sd.o [1]
  .rodata            const    0x000086b4       0x8  fsl_sd.o [1]
  .rodata            const    0x000086bc       0x8  fsl_sd.o [1]
  .rodata            const    0x000086c4       0x8  fsl_sd.o [1]
  .rodata            const    0x000086cc       0x8  fsl_sd.o [1]
  .rodata            const    0x000086d4       0x8  fsl_sd.o [1]
  .rodata            const    0x000086dc       0x8  fsl_sd.o [1]
  .rodata            const    0x000086e4       0x8  fsl_sd.o [1]
  .rodata            const    0x000086ec       0x8  fsl_sdmmc_common.o [1]
  .rodata            const    0x000086f4       0x8  fsl_sdmmc_common.o [1]
  .rodata            const    0x000086fc       0x8  fsl_sdmmc_common.o [1]
  .rodata            const    0x00008704       0x8  fsl_sdmmc_common.o [1]
  .rodata            const    0x0000870c       0x8  fsl_sdmmc_common.o [1]
  .rodata            const    0x00008714       0x8  fsl_sdmmc_common.o [1]
  .rodata            const    0x0000871c       0x8  fsl_sdmmc_common.o [1]
  .rodata            const    0x00008724       0x8  fsl_sdmmc_host.o [1]
  .rodata            const    0x0000872c       0x8  fsl_usdhc.o [1]
  .rodata            const    0x00008734       0x8  fsl_usdhc.o [1]
  .rodata            const    0x0000873c       0x8  fsl_usdhc.o [1]
  .rodata            const    0x00008744       0x8  main.o [1]
  .rodata            const    0x0000874c       0x8  pin_mux.o [1]
  .text              ro code  0x00008754       0x8  startup_MIMXRT1052.o [1]
  .text              ro code  0x0000875c       0x8  startup_MIMXRT1052.o [1]
  .text              ro code  0x00008764       0x8  startup_MIMXRT1052.o [1]
  .text              ro code  0x0000876c       0x8  startup_MIMXRT1052.o [1]
  .text              ro code  0x00008774       0x8  startup_MIMXRT1052.o [1]
  .text              ro code  0x0000877c       0x8  startup_MIMXRT1052.o [1]
  .text              ro code  0x00008784       0x8  startup_MIMXRT1052.o [1]
  .text              ro code  0x0000878c       0x8  startup_MIMXRT1052.o [1]
  .text              ro code  0x00008794       0x8  startup_MIMXRT1052.o [1]
  .text              ro code  0x0000879c       0x8  startup_MIMXRT1052.o [1]
  .text              ro code  0x000087a4       0x8  startup_MIMXRT1052.o [1]
  .text              ro code  0x000087ac       0x8  startup_MIMXRT1052.o [1]
  .text              ro code  0x000087b4       0x8  startup_MIMXRT1052.o [1]
  .text              ro code  0x000087bc       0x8  startup_MIMXRT1052.o [1]
  .text              ro code  0x000087c4       0x8  startup_MIMXRT1052.o [1]
  .text              ro code  0x000087cc       0x8  startup_MIMXRT1052.o [1]
  .text              ro code  0x000087d4       0x8  startup_MIMXRT1052.o [1]
  .text              ro code  0x000087dc       0x8  startup_MIMXRT1052.o [1]
  .text              ro code  0x000087e4       0x8  startup_MIMXRT1052.o [1]
  .text              ro code  0x000087ec       0x8  startup_MIMXRT1052.o [1]
  .text              ro code  0x000087f4       0x8  startup_MIMXRT1052.o [1]
  .text              ro code  0x000087fc       0x8  startup_MIMXRT1052.o [1]
  .text              ro code  0x00008804       0x8  startup_MIMXRT1052.o [1]
  .text              ro code  0x0000880c       0x8  startup_MIMXRT1052.o [1]
  .text              ro code  0x00008814       0x8  startup_MIMXRT1052.o [1]
  .text              ro code  0x0000881c       0x8  startup_MIMXRT1052.o [1]
  .text              ro code  0x00008824       0x8  startup_MIMXRT1052.o [1]
  .text              ro code  0x0000882c       0x8  startup_MIMXRT1052.o [1]
  .text              ro code  0x00008834       0x8  startup_MIMXRT1052.o [1]
  .text              ro code  0x0000883c       0x8  startup_MIMXRT1052.o [1]
  .text              ro code  0x00008844       0x8  startup_MIMXRT1052.o [1]
  .text              ro code  0x0000884c       0x8  startup_MIMXRT1052.o [1]
  .text              ro code  0x00008854       0x8  startup_MIMXRT1052.o [1]
  .text              ro code  0x0000885c       0x8  startup_MIMXRT1052.o [1]
  .text              ro code  0x00008864       0x8  startup_MIMXRT1052.o [1]
  .text              ro code  0x0000886c       0x8  startup_MIMXRT1052.o [1]
  .text              ro code  0x00008874       0x8  startup_MIMXRT1052.o [1]
  .text              ro code  0x0000887c       0x8  startup_MIMXRT1052.o [1]
  .text              ro code  0x00008884       0x8  startup_MIMXRT1052.o [1]
  .text              ro code  0x0000888c       0x8  startup_MIMXRT1052.o [1]
  .text              ro code  0x00008894       0x8  startup_MIMXRT1052.o [1]
  .text              ro code  0x0000889c       0x8  startup_MIMXRT1052.o [1]
  .text              ro code  0x000088a4       0x8  startup_MIMXRT1052.o [1]
  .text              ro code  0x000088ac       0x8  startup_MIMXRT1052.o [1]
  .text              ro code  0x000088b4       0x8  startup_MIMXRT1052.o [1]
  .text              ro code  0x000088bc       0x8  startup_MIMXRT1052.o [1]
  .text              ro code  0x000088c4       0x8  startup_MIMXRT1052.o [1]
  .rodata            const    0x000088cc       0x4  clock_config.o [1]
  .rodata            const    0x000088d0       0x4  fsl_elcdif.o [1]
  .rodata            const    0x000088d4       0x4  fsl_sdmmc_host.o [1]
  .rodata            const    0x000088d8       0x4  fsl_sdmmc_host.o [1]
  .rodata            const    0x000088dc       0x4  fsl_sdmmc_host.o [1]
  .rodata            const    0x000088e0       0x4  main.o [1]
  .rodata            const    0x000088e4       0x4  main.o [1]
  .rodata            const    0x000088e8       0x4  main.o [1]
  .rodata            const    0x000088ec       0x4  main.o [1]
  .text              ro code  0x000088f0       0x4  startup_MIMXRT1052.o [1]
  .rodata            const    0x000088f4       0x0  zero_init3.o [5]
  .rodata            const    0x000088f4       0x0  copy_init3.o [5]
                            - 0x000088f4    0x84f4

"P4":                                      0x20000
  CSTACK                      0x20000000   0x20000  <Block>
    CSTACK           uninit   0x20000000   0x20000  <Block tail>
                            - 0x20020000   0x20000

"P2", part 1 of 2:                            0x34
  RW                          0x20200000      0x34  <Block>
    RW-1                      0x20200000      0x33  <Init block>
      .data          inited   0x20200000      0x28  fsl_elcdif.o [1]
      .data          inited   0x20200028       0x4  system_MIMXRT1052.o [1]
      .data          inited   0x2020002c       0x2  main.o [1]
      .data          inited   0x2020002e       0x2  main.o [1]
      .data          inited   0x20200030       0x1  fsl_sdmmc_host.o [1]
      .data          inited   0x20200031       0x1  main.o [1]
      .data          inited   0x20200032       0x1  main.o [1]
                            - 0x20200034      0x34

"P2", part 2 of 2:                           0x304
  ZI                          0x20200040     0x304  <Block>
    .bss             zero     0x20200040       0xc  ff.o [1]
    .bss             zero     0x2020004c       0x2  ff.o [1]
    .bss             zero     0x2020004e       0x1  ff.o [1]
    .bss             zero     0x20200050       0x4  fsl_clock.o [1]
    .bss             zero     0x20200054       0x4  fsl_clock.o [1]
    .bss             zero     0x20200058      0x80  fsl_edma.o [1]
    .bss             zero     0x202000d8       0x8  fsl_io.o [1]
    .bss             zero     0x202000e0       0x4  fsl_lpi2c.o [1]
    .bss             zero     0x202000e4      0x10  fsl_lpi2c.o [1]
    .bss             zero     0x202000f4       0x4  fsl_lpi2c.o [1]
    .bss             zero     0x202000f8      0x10  fsl_lpi2c.o [1]
    .bss             zero     0x20200108      0x24  fsl_lpuart.o [1]
    .bss             zero     0x2020012c       0x4  fsl_lpuart.o [1]
    .bss             zero     0x20200130      0xbc  fsl_sd_disk.o [1]
    .bss             zero     0x202001ec     0x100  fsl_sdmmc_common.o [1]
    .bss             zero     0x202002ec       0x4  fsl_sdmmc_event.o [1]
    .bss             zero     0x202002f0       0x4  fsl_sdmmc_event.o [1]
    .bss             zero     0x202002f4       0x4  fsl_sdmmc_event.o [1]
    .bss             zero     0x202002f8      0x2c  fsl_sdmmc_host.o [1]
    .bss             zero     0x20200324       0x1  fsl_sdmmc_host.o [1]
    .bss             zero     0x20200328       0x4  fsl_sdmmc_host.o [1]
    .bss             zero     0x2020032c       0xc  fsl_usdhc.o [1]
    .bss             zero     0x20200338       0x4  fsl_usdhc.o [1]
    .bss             zero     0x2020033c       0x1  main.o [1]
    .bss             zero     0x2020033d       0x1  main.o [1]
    .bss             zero     0x2020033e       0x2  main.o [1]
    .bss             zero     0x20200340       0x2  main.o [1]
    .bss             zero     0x20200342       0x1  main.o [1]
                            - 0x20200344     0x304

"P5":                                     0x400000
  NCACHE_VAR                  0x81c00000  0x400000  <Block>
    NonCacheable     zero     0x81c00000  0x258000  main.o [1]
    NonCacheable     zero     0x81e58000      0x20  fsl_sdmmc_host.o [1]
    NonCacheable     zero     0x81e58020     0x234  main.o [1]
    NCACHE_VAR       uninit   0x81e58254  0x1a7dac  <Block tail>
                            - 0x82000000  0x400000


*******************************************************************************
*** INIT TABLE
***

          Address     Size
          -------     ----
Zero (__iar_zero_init3)
    2 destination ranges, total size 0x258557:
          0x20200040     0x303
          0x81c00000  0x258254

Copy (__iar_copy_init3)
    1 source range, total size 0x34 (101% of destination):
          0x00008358      0x34
    1 destination range, total size 0x33:
          0x20200000      0x33



*******************************************************************************
*** MODULE SUMMARY
***

    Module                ro code  ro data    rw data
    ------                -------  -------    -------
C:\Users\ZephRay\Documents\ARM\RT_USHI\IAR\Debug\Obj: [1]
    board.o                   748
    clock_config.o            556      105
    diskio.o                   92
    ff.o                    1 252                  15
    fsl_assert.o               24       44
    fsl_clock.o             1 584       16          8
    fsl_debug_console.o       170       96
    fsl_edma.o              1 076       88        128
    fsl_elcdif.o              434      216         40
    fsl_gpio.o                470      204
    fsl_io.o                  212       88          8
    fsl_log.o                 112       92
    fsl_lpi2c.o               132                  40
    fsl_lpuart.o            1 324      224         40
    fsl_sd.o                5 864      176
    fsl_sd_disk.o             152                 188
    fsl_sdmmc_common.o        948      136        256
    fsl_sdmmc_event.o         320                  12
    fsl_sdmmc_host.o        1 208      129         82
    fsl_str.o               1 158
    fsl_usdhc.o             3 972      196         16
    main.o                  1 692      362  2 458 177
    pin_mux.o               1 956       88
    startup_MIMXRT1052.o    1 460
    system_MIMXRT1052.o       580        4          4
    -------------------------------------------------
    Total:                 27 496    2 264  2 459 014

command line: [2]
    -------------------------------------------------
    Total:

dl7M_tln.a: [3]
    exit.o                      4
    low_level_init.o            4
    -------------------------------------------------
    Total:                      8

m7M_tlv.a: [4]
    DblToS64.o                 92
    S64ToDbl.o                 82
    fpinit_M.o                 34
    frexp.o                   124
    iar_Exp64.o               900
    ldexp.o                   240
    modf.o                    158
    pow64.o                 2 448
    -------------------------------------------------
    Total:                  4 078

rt7M_tl.a: [5]
    ABImemclr4.o                6
    ABImemcpy.o               166
    ABImemset.o               102
    ABImemset48.o              50
    I64DivMod.o               558
    I64DivZer.o                 2
    cexit.o                    10
    cmain.o                    30
    copy_init3.o               44
    cstartup_M.o               12
    data_init.o                40
    strlen.o                   54
    zero_init3.o               64
    -------------------------------------------------
    Total:                  1 138

shb_l.a: [6]
    exit.o                     20
    -------------------------------------------------
    Total:                     20

    Gaps                        9        2          4
    Linker created                      45  1 867 180
-----------------------------------------------------
    Grand Total:           32 749    2 311  4 326 198


*******************************************************************************
*** ENTRY LIST
***

Entry                      Address      Size  Type      Object
-----                      -------      ----  ----      ------
.iar.init_table$$Base   0x00008450             --   Gb  - Linker created -
.iar.init_table$$Limit  0x0000847c             --   Gb  - Linker created -
?main                   0x0000849d            Code  Gb  cmain.o [5]
APP_ELCDIF_Init         0x000066ff      0x1a  Code  Gb  main.o [1]
APP_FillFrameBuffer     0x00006719     0x12e  Code  Gb  main.o [1]
APP_FillFrameBuffer::bgColor
                        0x000088ec       0x4  Data  Lc  main.o [1]
APP_FillFrameBuffer::changeColor
                        0x20200342       0x1  Data  Lc  main.o [1]
APP_FillFrameBuffer::fgColorIndex
                        0x2020033d       0x1  Data  Lc  main.o [1]
APP_FillFrameBuffer::fgColorTable
                        0x0000847c      0x20  Data  Lc  main.o [1]
APP_FillFrameBuffer::incX
                        0x20200031       0x1  Data  Lc  main.o [1]
APP_FillFrameBuffer::incY
                        0x20200032       0x1  Data  Lc  main.o [1]
APP_FillFrameBuffer::lowerRightX
                        0x2020002c       0x2  Data  Lc  main.o [1]
APP_FillFrameBuffer::lowerRightY
                        0x2020002e       0x2  Data  Lc  main.o [1]
APP_FillFrameBuffer::upperLeftX
                        0x2020033e       0x2  Data  Lc  main.o [1]
APP_FillFrameBuffer::upperLeftY
                        0x20200340       0x2  Data  Lc  main.o [1]
APP_LCDIF_IRQHandler    0x000066e1      0x1e  Code  Gb  main.o [1]
ARM_MPU_Disable         0x00007087      0x22  Code  Lc  board.o [1]
ARM_MPU_Enable          0x00007069      0x1e  Code  Lc  board.o [1]
BOARD_BootClockGate     0x00007445      0x30  Code  Lc  clock_config.o [1]
BOARD_BootClockRUN      0x00007475      0x94  Code  Gb  clock_config.o [1]
BOARD_ConfigMPU         0x00007257      0x8a  Code  Gb  board.o [1]
BOARD_DebugConsoleSrcFreq
                        0x00007207      0x3a  Code  Gb  board.o [1]
BOARD_EnableLcdInterrupt
                        0x00006659       0xa  Code  Gb  main.o [1]
BOARD_InitDebugConsole  0x00007241      0x16  Code  Gb  board.o [1]
BOARD_InitLcd           0x00006663      0x48  Code  Gb  main.o [1]
BOARD_InitLcdifPixelClock
                        0x000066ab      0x36  Code  Gb  main.o [1]
BOARD_InitPins          0x00005c0b     0x5a0  Code  Gb  pin_mux.o [1]
BOARD_USDHCClockConfiguration
                        0x00006531      0x20  Code  Lc  main.o [1]
CLOCK_ControlGate       0x00006eb5      0x40  Code  Lc  fsl_elcdif.o [1]
CLOCK_ControlGate       0x00003629      0x40  Code  Lc  fsl_gpio.o [1]
CLOCK_ControlGate       0x00005171      0x46  Code  Lc  fsl_lpuart.o [1]
CLOCK_ControlGate       0x00001ef5      0x46  Code  Lc  fsl_usdhc.o [1]
CLOCK_ControlGate       0x0000646b      0x46  Code  Lc  main.o [1]
CLOCK_ControlGate       0x00005b91      0x46  Code  Lc  pin_mux.o [1]
CLOCK_DeinitAudioPll    0x00003f6d       0xc  Code  Gb  fsl_clock.o [1]
CLOCK_DeinitEnetPll     0x00004003       0xc  Code  Gb  fsl_clock.o [1]
CLOCK_DeinitUsb2Pll     0x00003f63       0xa  Code  Gb  fsl_clock.o [1]
CLOCK_DeinitVideoPll    0x00003ff7       0xc  Code  Gb  fsl_clock.o [1]
CLOCK_EnableClock       0x00006ef5       0xc  Code  Lc  fsl_elcdif.o [1]
CLOCK_EnableClock       0x00003669       0xc  Code  Lc  fsl_gpio.o [1]
CLOCK_EnableClock       0x000051b7       0xc  Code  Lc  fsl_lpuart.o [1]
CLOCK_EnableClock       0x00001f3b       0xc  Code  Lc  fsl_usdhc.o [1]
CLOCK_EnableClock       0x000064b1       0xc  Code  Lc  main.o [1]
CLOCK_EnableClock       0x00005bd7       0xc  Code  Lc  pin_mux.o [1]
CLOCK_GetDiv            0x000071cb      0x2a  Code  Lc  board.o [1]
CLOCK_GetDiv            0x00006441      0x2a  Code  Lc  main.o [1]
CLOCK_GetFreq           0x00003db1     0x15e  Code  Gb  fsl_clock.o [1]
CLOCK_GetMux            0x000071a1      0x2a  Code  Lc  board.o [1]
CLOCK_GetOscFreq        0x000071f5      0x12  Code  Lc  board.o [1]
CLOCK_GetOscFreq        0x00003cf9      0x18  Code  Lc  fsl_clock.o [1]
CLOCK_GetPeriphClkFreq  0x00003d17      0x9a  Code  Lc  fsl_clock.o [1]
CLOCK_GetPllFreq        0x0000400f     0x1c0  Code  Gb  fsl_clock.o [1]
CLOCK_GetRtcFreq        0x00003d11       0x6  Code  Lc  fsl_clock.o [1]
CLOCK_GetSysPfdFreq     0x0000420d      0x5c  Code  Gb  fsl_clock.o [1]
CLOCK_GetUsb1PfdFreq    0x00004269      0x5c  Code  Gb  fsl_clock.o [1]
CLOCK_InitArmPll        0x00003f0f      0x1c  Code  Gb  fsl_clock.o [1]
CLOCK_InitSysPfd        0x000041cf      0x3e  Code  Gb  fsl_clock.o [1]
CLOCK_InitSysPll        0x00003f2b      0x1c  Code  Gb  fsl_clock.o [1]
CLOCK_InitUsb1Pll       0x00003f47      0x1c  Code  Gb  fsl_clock.o [1]
CLOCK_InitVideoPll      0x00003f79      0x7e  Code  Gb  fsl_clock.o [1]
CLOCK_SetDiv            0x000073c7      0x72  Code  Lc  clock_config.o [1]
CLOCK_SetDiv            0x000063c9      0x78  Code  Lc  main.o [1]
CLOCK_SetMux            0x00007355      0x72  Code  Lc  clock_config.o [1]
CLOCK_SetMux            0x00006351      0x78  Code  Lc  main.o [1]
CLOCK_SetRtcXtalFreq    0x0000743f       0x6  Code  Lc  clock_config.o [1]
CLOCK_SetXtalFreq       0x00007439       0x6  Code  Lc  clock_config.o [1]
CSTACK$$Base            0x20000000             --   Gb  - Linker created -
CSTACK$$Limit           0x20020000             --   Gb  - Linker created -
ConvertFloatRadixNumToString
                        0x000038fd     0x176  Code  Lc  fsl_str.o [1]
ConvertRadixNumToString
                        0x00003871      0x88  Code  Lc  fsl_str.o [1]
CurrVol                 0x2020004e       0x1  Data  Lc  ff.o [1]
DMA0_DMA16_DriverIRQHandler
                        0x000079db      0x34  Code  Gb  fsl_edma.o [1]
DMA10_DMA26_DriverIRQHandler
                        0x00007bd5      0x2c  Code  Gb  fsl_edma.o [1]
DMA11_DMA27_DriverIRQHandler
                        0x00007c01      0x2c  Code  Gb  fsl_edma.o [1]
DMA12_DMA28_DriverIRQHandler
                        0x00007c2d      0x2c  Code  Gb  fsl_edma.o [1]
DMA13_DMA29_DriverIRQHandler
                        0x00007c59      0x2c  Code  Gb  fsl_edma.o [1]
DMA14_DMA30_DriverIRQHandler
                        0x00007c85      0x2c  Code  Gb  fsl_edma.o [1]
DMA15_DMA31_DriverIRQHandler
                        0x00007cb1      0x2c  Code  Gb  fsl_edma.o [1]
DMA1_DMA17_DriverIRQHandler
                        0x00007a0f      0x34  Code  Gb  fsl_edma.o [1]
DMA2_DMA18_DriverIRQHandler
                        0x00007a43      0x34  Code  Gb  fsl_edma.o [1]
DMA3_DMA19_DriverIRQHandler
                        0x00007a77      0x34  Code  Gb  fsl_edma.o [1]
DMA4_DMA20_DriverIRQHandler
                        0x00007aab      0x34  Code  Gb  fsl_edma.o [1]
DMA5_DMA21_DriverIRQHandler
                        0x00007adf      0x34  Code  Gb  fsl_edma.o [1]
DMA6_DMA22_DriverIRQHandler
                        0x00007b13      0x34  Code  Gb  fsl_edma.o [1]
DMA7_DMA23_DriverIRQHandler
                        0x00007b47      0x32  Code  Gb  fsl_edma.o [1]
DMA8_DMA24_DriverIRQHandler
                        0x00007b79      0x30  Code  Gb  fsl_edma.o [1]
DMA9_DMA25_DriverIRQHandler
                        0x00007ba9      0x2c  Code  Gb  fsl_edma.o [1]
DbgConsole_Init         0x00003409      0x2e  Code  Gb  fsl_debug_console.o [1]
DbgConsole_Printf       0x00003441      0x32  Code  Gb  fsl_debug_console.o [1]
DbgConsole_RelocateLog  0x00003475      0x3e  Code  Lc  fsl_debug_console.o [1]
DisableIRQ              0x00001f5f      0x18  Code  Lc  fsl_usdhc.o [1]
EDMA_GetChannelStatusFlags
                        0x000078b9      0x4a  Code  Gb  fsl_edma.o [1]
EDMA_HandleIRQ          0x0000790d      0xce  Code  Gb  fsl_edma.o [1]
ELCDIF_ClearInterruptStatus
                        0x000064f5       0xa  Code  Lc  main.o [1]
ELCDIF_EnableInterrupts
                        0x000064e1       0xa  Code  Lc  main.o [1]
ELCDIF_GetInstance      0x00006f01      0x2c  Code  Lc  fsl_elcdif.o [1]
ELCDIF_GetInterruptStatus
                        0x000064eb       0xa  Code  Lc  main.o [1]
ELCDIF_Reset            0x0000702d      0x3a  Code  Gb  fsl_elcdif.o [1]
ELCDIF_RgbModeInit      0x00006f2d      0xdc  Code  Gb  fsl_elcdif.o [1]
ELCDIF_RgbModeStart     0x000064d5       0x8  Code  Lc  main.o [1]
ELCDIF_SetNextBufferAddr
                        0x000064dd       0x4  Code  Lc  main.o [1]
EnableIRQ               0x00002f6d      0x18  Code  Lc  fsl_sdmmc_host.o [1]
EnableIRQ               0x00001f47      0x18  Code  Lc  fsl_usdhc.o [1]
EnableIRQ               0x000064bd      0x18  Code  Lc  main.o [1]
FatFs                   0x20200040       0xc  Data  Lc  ff.o [1]
Fsid                    0x2020004c       0x2  Data  Lc  ff.o [1]
GPIO2_Combined_16_31_IRQHandler
                        0x000030d7      0x26  Code  Gb  fsl_sdmmc_host.o [1]
GPIO_GetInstance        0x00003689      0x2c  Code  Lc  fsl_gpio.o [1]
GPIO_PinInit            0x000036b5      0x54  Code  Gb  fsl_gpio.o [1]
GPIO_PinRead            0x00002f85      0x26  Code  Lc  fsl_sdmmc_host.o [1]
GPIO_PinSetInterruptConfig
                        0x00003761      0x9e  Code  Gb  fsl_gpio.o [1]
GPIO_PinWrite           0x00003709      0x3e  Code  Gb  fsl_gpio.o [1]
GPIO_PortClearInterruptFlags
                        0x00002fb7       0x4  Code  Lc  fsl_sdmmc_host.o [1]
GPIO_PortEnableInterrupts
                        0x00002fab       0x8  Code  Lc  fsl_sdmmc_host.o [1]
GPIO_PortGetInterruptFlags
                        0x00002fb3       0x4  Code  Lc  fsl_sdmmc_host.o [1]
GPIO_SetPinInterruptConfig
                        0x0000367f       0xa  Code  Lc  fsl_gpio.o [1]
GPIO_WritePinOutput     0x00003675       0xa  Code  Lc  fsl_gpio.o [1]
IOMUXC_SetPinConfig     0x00000443       0xc  Code  Lc  fsl_sd.o [1]
IOMUXC_SetPinConfig     0x00005bff       0xc  Code  Lc  pin_mux.o [1]
IOMUXC_SetPinMux        0x00005be3      0x1c  Code  Lc  pin_mux.o [1]
IO_Init                 0x0000435d      0x5e  Code  Gb  fsl_io.o [1]
IO_Transfer             0x000043bb      0x36  Code  Gb  fsl_io.o [1]
LCDIF_IRQHandler        0x00006651       0x8  Code  Gb  main.o [1]
LOG_Init                0x00003801      0x1a  Code  Gb  fsl_log.o [1]
LOG_Pop                 0x0000383f      0x28  Code  Gb  fsl_log.o [1]
LOG_Push                0x0000381b      0x24  Code  Gb  fsl_log.o [1]
LPI2C1_DriverIRQHandler
                        0x00007d2f       0xc  Code  Gb  fsl_lpi2c.o [1]
LPI2C2_DriverIRQHandler
                        0x00007d3b       0xc  Code  Gb  fsl_lpi2c.o [1]
LPI2C3_DriverIRQHandler
                        0x00007d47       0xc  Code  Gb  fsl_lpi2c.o [1]
LPI2C_CommonIRQHandler  0x00007ced      0x42  Code  Lc  fsl_lpi2c.o [1]
LPUART1_DriverIRQHandler
                        0x000055dd      0x10  Code  Gb  fsl_lpuart.o [1]
LPUART2_DriverIRQHandler
                        0x000055ed      0x10  Code  Gb  fsl_lpuart.o [1]
LPUART3_DriverIRQHandler
                        0x000055fd      0x10  Code  Gb  fsl_lpuart.o [1]
LPUART4_DriverIRQHandler
                        0x0000560d      0x10  Code  Gb  fsl_lpuart.o [1]
LPUART5_DriverIRQHandler
                        0x0000561d      0x10  Code  Gb  fsl_lpuart.o [1]
LPUART6_DriverIRQHandler
                        0x0000562d      0x10  Code  Gb  fsl_lpuart.o [1]
LPUART7_DriverIRQHandler
                        0x0000563d      0x10  Code  Gb  fsl_lpuart.o [1]
LPUART8_DriverIRQHandler
                        0x0000564d      0x10  Code  Gb  fsl_lpuart.o [1]
LPUART_ClearStatusFlags
                        0x00005487      0x4c  Code  Gb  fsl_lpuart.o [1]
LPUART_EnableRx         0x00004343      0x1a  Code  Lc  fsl_io.o [1]
LPUART_EnableTx         0x00004329      0x1a  Code  Lc  fsl_io.o [1]
LPUART_GetDefaultConfig
                        0x0000541b      0x5c  Code  Gb  fsl_lpuart.o [1]
LPUART_GetInstance      0x000051d5      0x32  Code  Gb  fsl_lpuart.o [1]
LPUART_GetStatusFlags   0x00005477      0x10  Code  Gb  fsl_lpuart.o [1]
LPUART_Init             0x00005207     0x214  Code  Gb  fsl_lpuart.o [1]
LPUART_ReadBlocking     0x0000550b      0xbc  Code  Gb  fsl_lpuart.o [1]
LPUART_SoftwareReset    0x000051c3      0x12  Code  Lc  fsl_lpuart.o [1]
LPUART_WriteBlocking    0x000054d3      0x38  Code  Gb  fsl_lpuart.o [1]
Led_Init                0x00006511      0x20  Code  Gb  main.o [1]
MOUNT_SDCard            0x000065e5      0x6c  Code  Lc  main.o [1]
NCACHE_VAR$$Base        0x81c00000             --   Gb  - Linker created -
NCACHE_VAR$$Limit       0x82000000             --   Gb  - Linker created -
RW$$Base                0x20200000             --   Gb  - Linker created -
RW$$Limit               0x20200034             --   Gb  - Linker created -
Region$$Table$$Base     0x00008450             --   Gb  - Linker created -
Region$$Table$$Limit    0x0000847c             --   Gb  - Linker created -
SCB_DisableDCache       0x0000714d      0x54  Code  Lc  board.o [1]
SCB_DisableICache       0x000070d5      0x24  Code  Lc  board.o [1]
SCB_EnableDCache        0x000070f9      0x54  Code  Lc  board.o [1]
SCB_EnableDCache        0x00007609      0x54  Code  Lc  system_MIMXRT1052.o [1]
SCB_EnableICache        0x000070a9      0x2c  Code  Lc  board.o [1]
SCB_EnableICache        0x000075dd      0x2c  Code  Lc  system_MIMXRT1052.o [1]
SDMMCEVENT_Create       0x00003573      0x18  Code  Gb  fsl_sdmmc_event.o [1]
SDMMCEVENT_Delay        0x000035f3      0x14  Code  Gb  fsl_sdmmc_event.o [1]
SDMMCEVENT_Delete       0x000035e1      0x12  Code  Gb  fsl_sdmmc_event.o [1]
SDMMCEVENT_GetInstance  0x0000355b      0x18  Code  Lc  fsl_sdmmc_event.o [1]
SDMMCEVENT_InitTimer    0x00003545      0x16  Code  Gb  fsl_sdmmc_event.o [1]
SDMMCEVENT_Notify       0x000035c9      0x18  Code  Gb  fsl_sdmmc_event.o [1]
SDMMCEVENT_Wait         0x0000358b      0x3e  Code  Gb  fsl_sdmmc_event.o [1]
SDMMCHOST_CardDetectInit
                        0x000031f7      0x86  Code  Lc  fsl_sdmmc_host.o [1]
SDMMCHOST_Delay         0x0000327d       0x8  Code  Gb  fsl_sdmmc_host.o [1]
SDMMCHOST_DetectCardByGpio
                        0x00003049      0x4a  Code  Lc  fsl_sdmmc_host.o [1]
SDMMCHOST_DetectCardInsertByHost
                        0x00003093      0x26  Code  Lc  fsl_sdmmc_host.o [1]
SDMMCHOST_DetectCardRemoveByHost
                        0x000030b9      0x1e  Code  Lc  fsl_sdmmc_host.o [1]
SDMMCHOST_ErrorRecovery
                        0x000031c7      0x30  Code  Lc  fsl_sdmmc_host.o [1]
SDMMCHOST_Init          0x0000330f      0x96  Code  Gb  fsl_sdmmc_host.o [1]
SDMMCHOST_PowerOffCard  0x000032bf      0x28  Code  Gb  fsl_sdmmc_host.o [1]
SDMMCHOST_PowerOnCard   0x000032e7      0x28  Code  Gb  fsl_sdmmc_host.o [1]
SDMMCHOST_ReTuningCallback
                        0x00003119      0x10  Code  Lc  fsl_sdmmc_host.o [1]
SDMMCHOST_Reset         0x000033e5      0x24  Code  Gb  fsl_sdmmc_host.o [1]
SDMMCHOST_TransferCompleteCallback
                        0x000030fd      0x1c  Code  Lc  fsl_sdmmc_host.o [1]
SDMMCHOST_TransferFunction
                        0x00003129      0x9e  Code  Lc  fsl_sdmmc_host.o [1]
SDMMCHOST_WaitCardDetectStatus
                        0x00003285      0x3a  Code  Gb  fsl_sdmmc_host.o [1]
SDMMC_ExecuteTuning     0x00001dbd      0xd2  Code  Gb  fsl_sdmmc_common.o [1]
SDMMC_GoIdle            0x00001c69      0x50  Code  Gb  fsl_sdmmc_common.o [1]
SDMMC_SelectCard        0x00001b77      0x80  Code  Gb  fsl_sdmmc_common.o [1]
SDMMC_SendApplicationCommand
                        0x00001bf7      0x72  Code  Gb  fsl_sdmmc_common.o [1]
SDMMC_SetBlockSize      0x00001cb9      0x62  Code  Gb  fsl_sdmmc_common.o [1]
SDMMC_SwitchVoltage     0x00001d1b      0xa2  Code  Gb  fsl_sdmmc_common.o [1]
SD_AllSendCid           0x00000f27      0x72  Code  Lc  fsl_sd.o [1]
SD_ApplicationSendOperationCondition
                        0x00000f99      0xa4  Code  Lc  fsl_sd.o [1]
SD_CardDeinit           0x000019eb      0x22  Code  Gb  fsl_sd.o [1]
SD_CardInit             0x00001861     0x18a  Code  Gb  fsl_sd.o [1]
SD_DecodeCid            0x00000ead      0x7a  Code  Lc  fsl_sd.o [1]
SD_DecodeCsd            0x00000c1b     0x21e  Code  Lc  fsl_sd.o [1]
SD_DecodeScr            0x00000813      0xfa  Code  Lc  fsl_sd.o [1]
SD_ExecuteTuning        0x000004f7      0x2a  Code  Lc  fsl_sd.o [1]
SD_GoIdle               0x000004a7      0x26  Code  Lc  fsl_sd.o [1]
SD_HostInit             0x00001a0d      0x3a  Code  Gb  fsl_sd.o [1]
SD_HostReset            0x00001a51       0xa  Code  Gb  fsl_sd.o [1]
SD_PowerOffCard         0x00001a63       0x8  Code  Gb  fsl_sd.o [1]
SD_PowerOnCard          0x00001a5b       0x8  Code  Gb  fsl_sd.o [1]
SD_Read                 0x0000144d     0x14e  Code  Lc  fsl_sd.o [1]
SD_ReadBlocks           0x000016fd      0xb0  Code  Gb  fsl_sd.o [1]
SD_SelectBusTiming      0x000010cd     0x31c  Code  Lc  fsl_sd.o [1]
SD_SelectCard           0x0000044f      0x2e  Code  Lc  fsl_sd.o [1]
SD_SelectFunction       0x000009f5     0x192  Code  Lc  fsl_sd.o [1]
SD_SendApplicationCmd   0x0000047d      0x2a  Code  Lc  fsl_sd.o [1]
SD_SendCsd              0x00000e39      0x74  Code  Lc  fsl_sd.o [1]
SD_SendInterfaceCondition
                        0x0000103d      0x7c  Code  Lc  fsl_sd.o [1]
SD_SendRca              0x000006e7      0x66  Code  Lc  fsl_sd.o [1]
SD_SendScr              0x0000090d      0xe8  Code  Lc  fsl_sd.o [1]
SD_SetBlockSize         0x000004cd      0x2a  Code  Lc  fsl_sd.o [1]
SD_SetDataBusWidth      0x00000b87      0x94  Code  Lc  fsl_sd.o [1]
SD_SetDriverStrength    0x000013ed      0x2c  Code  Lc  fsl_sd.o [1]
SD_SetMaxCurrent        0x0000141d      0x2c  Code  Lc  fsl_sd.o [1]
SD_StopTransmission     0x00000679      0x6e  Code  Lc  fsl_sd.o [1]
SD_SwitchFunction       0x0000074d      0xc6  Code  Lc  fsl_sd.o [1]
SD_SwitchVoltage        0x00000521      0x26  Code  Lc  fsl_sd.o [1]
SD_Transfer             0x00000547      0xb6  Code  Lc  fsl_sd.o [1]
SD_WaitCardDetectStatus
                        0x00001a6b       0xa  Code  Gb  fsl_sd.o [1]
SD_WaitWriteComplete    0x000005fd      0x7c  Code  Lc  fsl_sd.o [1]
SD_Write                0x000015a1     0x158  Code  Lc  fsl_sd.o [1]
SD_WriteBlocks          0x000017ad      0xb0  Code  Gb  fsl_sd.o [1]
StrFormatPrintf         0x00003a7d     0x27a  Code  Gb  fsl_str.o [1]
SysTick_Config          0x0000350b      0x2e  Code  Lc  fsl_sdmmc_event.o [1]
SysTick_Handler         0x00003539       0xc  Code  Gb  fsl_sdmmc_event.o [1]
SystemCoreClock         0x20200028       0x4  Data  Gb  system_MIMXRT1052.o [1]
SystemCoreClockUpdate   0x000076d3      0xec  Code  Gb  system_MIMXRT1052.o [1]
SystemInit              0x0000765d      0x76  Code  Gb  system_MIMXRT1052.o [1]
UDSHC_SelectVoltage     0x00001b27      0x22  Code  Lc  fsl_sdmmc_common.o [1]
UDSHC_SelectVoltage     0x00002ffd      0x22  Code  Lc  fsl_sdmmc_host.o [1]
USDHC1_DriverIRQHandler
                        0x00002de3      0x12  Code  Gb  fsl_usdhc.o [1]
USDHC2_DriverIRQHandler
                        0x00002df5      0x12  Code  Gb  fsl_usdhc.o [1]
USDHC_AdjustDelayForManualTuning
                        0x00002ab5      0x22  Code  Gb  fsl_usdhc.o [1]
USDHC_CardDetectByData3
                        0x00002fd9      0x1a  Code  Lc  fsl_sdmmc_host.o [1]
USDHC_CheckStdTuningResult
                        0x00001b67       0x8  Code  Lc  fsl_sdmmc_common.o [1]
USDHC_CheckTuningError  0x00001b6f       0x8  Code  Lc  fsl_sdmmc_common.o [1]
USDHC_ClearInterruptStatusFlags
                        0x00001fb9       0x4  Code  Lc  fsl_usdhc.o [1]
USDHC_DetectCardInsert  0x00002ff3       0xa  Code  Lc  fsl_sdmmc_host.o [1]
USDHC_DisableInterruptSignal
                        0x00002fcb       0xa  Code  Lc  fsl_sdmmc_host.o [1]
USDHC_DisableInterruptSignal
                        0x00001fab       0xa  Code  Lc  fsl_usdhc.o [1]
USDHC_DisableInterruptStatus
                        0x00001f99       0xa  Code  Lc  fsl_usdhc.o [1]
USDHC_EnableDDRMode     0x00000419      0x2a  Code  Lc  fsl_sd.o [1]
USDHC_EnableDDRMode     0x0000301f      0x2a  Code  Lc  fsl_sdmmc_host.o [1]
USDHC_EnableInternalDMA
                        0x00001f77      0x1a  Code  Lc  fsl_usdhc.o [1]
USDHC_EnableInterruptSignal
                        0x00002fc3       0x8  Code  Lc  fsl_sdmmc_host.o [1]
USDHC_EnableInterruptSignal
                        0x00001fa3       0x8  Code  Lc  fsl_usdhc.o [1]
USDHC_EnableInterruptStatus
                        0x00002fbb       0x8  Code  Lc  fsl_sdmmc_host.o [1]
USDHC_EnableInterruptStatus
                        0x00001f91       0x8  Code  Lc  fsl_usdhc.o [1]
USDHC_EnableStandardTuning
                        0x00002ad7      0x54  Code  Gb  fsl_usdhc.o [1]
USDHC_ForceClockOn      0x00001b05      0x22  Code  Lc  fsl_sdmmc_common.o [1]
USDHC_GetCapability     0x00002429      0x62  Code  Gb  fsl_usdhc.o [1]
USDHC_GetExecuteStdTuningStatus
                        0x00001b5f       0x8  Code  Lc  fsl_sdmmc_common.o [1]
USDHC_GetInstance       0x00001fc5      0x3a  Code  Lc  fsl_usdhc.o [1]
USDHC_GetInterruptStatusFlags
                        0x00001fb5       0x4  Code  Lc  fsl_usdhc.o [1]
USDHC_GetPresentStatusFlags
                        0x00000401       0x4  Code  Lc  fsl_sd.o [1]
USDHC_GetPresentStatusFlags
                        0x00001b01       0x4  Code  Lc  fsl_sdmmc_common.o [1]
USDHC_GetPresentStatusFlags
                        0x00002fd5       0x4  Code  Lc  fsl_sdmmc_host.o [1]
USDHC_Init              0x00002303      0xf2  Code  Gb  fsl_usdhc.o [1]
USDHC_ReadData          0x00001fc1       0x4  Code  Lc  fsl_usdhc.o [1]
USDHC_ReadDataPort      0x0000218d      0x6a  Code  Lc  fsl_usdhc.o [1]
USDHC_ReceiveCommandResponse
                        0x0000210f      0x7e  Code  Lc  fsl_usdhc.o [1]
USDHC_Reset             0x000023f5      0x34  Code  Gb  fsl_usdhc.o [1]
USDHC_SendCommand       0x00002261      0xa2  Code  Gb  fsl_usdhc.o [1]
USDHC_SetADMA1Descriptor
                        0x000025b3     0x158  Code  Gb  fsl_usdhc.o [1]
USDHC_SetADMA2Descriptor
                        0x00002721     0x142  Code  Gb  fsl_usdhc.o [1]
USDHC_SetAdmaTableConfig
                        0x0000290d      0xc4  Code  Gb  fsl_usdhc.o [1]
USDHC_SetCardActive     0x00002585      0x2e  Code  Gb  fsl_usdhc.o [1]
USDHC_SetDataBusWidth   0x00000405      0x14  Code  Lc  fsl_sd.o [1]
USDHC_SetDataTransferConfig
                        0x00002047      0xc8  Code  Lc  fsl_usdhc.o [1]
USDHC_SetInternalDmaConfig
                        0x00002875      0x92  Code  Gb  fsl_usdhc.o [1]
USDHC_SetRetuningTimer  0x00001b49      0x16  Code  Lc  fsl_sdmmc_common.o [1]
USDHC_SetSdClock        0x0000248b      0xfa  Code  Gb  fsl_usdhc.o [1]
USDHC_SetTransferInterrupt
                        0x00001fff      0x48  Code  Lc  fsl_usdhc.o [1]
USDHC_TransferCreateHandle
                        0x00002cc3      0x8e  Code  Gb  fsl_usdhc.o [1]
USDHC_TransferHandleBlockGap
                        0x00002cb1      0x12  Code  Lc  fsl_usdhc.o [1]
USDHC_TransferHandleCardDetect
                        0x00002b2b      0x24  Code  Lc  fsl_usdhc.o [1]
USDHC_TransferHandleCommand
                        0x00002b4f      0x82  Code  Lc  fsl_usdhc.o [1]
USDHC_TransferHandleData
                        0x00002bd5      0x9e  Code  Lc  fsl_usdhc.o [1]
USDHC_TransferHandleIRQ
                        0x00002d55      0x8e  Code  Gb  fsl_usdhc.o [1]
USDHC_TransferHandleReTuning
                        0x00002c85      0x2c  Code  Lc  fsl_usdhc.o [1]
USDHC_TransferHandleSdioInterrupt
                        0x00002c73      0x12  Code  Lc  fsl_usdhc.o [1]
USDHC_TransferNonBlocking
                        0x000029d1      0xe4  Code  Gb  fsl_usdhc.o [1]
USDHC_WriteData         0x00001fbd       0x4  Code  Lc  fsl_usdhc.o [1]
USDHC_WriteDataPort     0x000021f7      0x6a  Code  Lc  fsl_usdhc.o [1]
ZI$$Base                0x20200040             --   Gb  - Linker created -
ZI$$Limit               0x20200344             --   Gb  - Linker created -
__NVIC_DisableIRQ       0x00001ed1      0x24  Code  Lc  fsl_usdhc.o [1]
__NVIC_EnableIRQ        0x00002f51      0x1c  Code  Lc  fsl_sdmmc_host.o [1]
__NVIC_EnableIRQ        0x00001eb5      0x1c  Code  Lc  fsl_usdhc.o [1]
__NVIC_EnableIRQ        0x00006335      0x1c  Code  Lc  main.o [1]
__NVIC_SetPriority      0x000034e9      0x22  Code  Lc  fsl_sdmmc_event.o [1]
__RAM_VECTOR_TABLE_SIZE {Abs}
                        0x00000000            Data  Gb  command line/config [2]
__VECTOR_RAM {Abs}      0x00000000            Data  Gb  command line/config [2]
__VECTOR_TABLE {Abs}    0x00000000            Data  Gb  command line/config [2]
__Vectors               0x00000000             --   Gb  startup_MIMXRT1052.o [1]
__Vectors_End           0x00000400            Data  Gb  startup_MIMXRT1052.o [1]
__Vectors_Size {Abs}    0x00000400             --   Gb  startup_MIMXRT1052.o [1]
__aeabi_assert          0x00001ae9      0x18  Code  Gb  fsl_assert.o [1]
__aeabi_d2lz            0x00004e59            Code  Gb  DblToS64.o [4]
__aeabi_l2d             0x00004eb5            Code  Gb  S64ToDbl.o [4]
__aeabi_ldiv0           0x00005a9d            Code  Gb  I64DivZer.o [5]
__aeabi_memclr4         0x00002e39            Code  Gb  ABImemclr4.o [5]
__aeabi_memcpy          0x00002ea9            Code  Gb  ABImemcpy.o [5]
__aeabi_memcpy4         0x00002ec9            Code  Gb  ABImemcpy.o [5]
__aeabi_memcpy8         0x00002ec9            Code  Gb  ABImemcpy.o [5]
__aeabi_memset          0x00002e41            Code  Gb  ABImemset.o [5]
__aeabi_uldivmod        0x00004f41            Code  Gb  I64DivMod.o [5]
__cmain                 0x0000849d            Code  Gb  cmain.o [5]
__exit                  0x000084d1      0x14  Code  Gb  exit.o [6]
__iar_Exp64             0x00005719     0x384  Code  Gb  iar_Exp64.o [4]
__iar_Memset            0x00002e41            Code  Gb  ABImemset.o [5]
__iar_Memset4_word      0x000034b5            Code  Gb  ABImemset48.o [5]
__iar_Memset8_word      0x000034b5            Code  Gb  ABImemset48.o [5]
__iar_Memset_word       0x00002e49            Code  Gb  ABImemset.o [5]
__iar_Pow64             0x000044c9     0x4d0  Code  Lc  pow64.o [4]
__iar_copy_init3        0x0000449b      0x2c  Code  Gb  copy_init3.o [5]
__iar_data_init3        0x000083e1      0x28  Code  Gb  data_init.o [5]
__iar_frexp             0x000056b5            Code  Gb  frexp.o [4]
__iar_frexp64           0x0000569d            Code  Gb  frexp.o [4]
__iar_frexpl            0x000056b5            Code  Gb  frexp.o [4]
__iar_init_vfp          0x0000842d            Code  Gb  fpinit_M.o [4]
__iar_ldexp64           0x00005aa1            Code  Gb  ldexp.o [4]
__iar_modf              0x0000440d            Code  Gb  modf.o [4]
__iar_modf64            0x000043fd            Code  Gb  modf.o [4]
__iar_modfl             0x0000440d            Code  Gb  modf.o [4]
__iar_pow64             0x00004a31       0x4  Code  Gb  pow64.o [4]
__iar_pow_medium        0x00004a31       0x4  Code  Gb  pow64.o [4]
__iar_pow_medium64      0x00004a31       0x4  Code  Gb  pow64.o [4]
__iar_pow_mediuml       0x00004a31       0x4  Code  Gb  pow64.o [4]
__iar_program_start     0x00008639            Code  Gb  cstartup_M.o [5]
__iar_scalbln64         0x00005aa1            Code  Gb  ldexp.o [4]
__iar_scalbn64          0x00005aa1            Code  Gb  ldexp.o [4]
__iar_systems$$module {Abs}
                        0x00000001            Data  Gb  command line/config [2]
__iar_zero_init3        0x00008319      0x40  Code  Gb  zero_init3.o [5]
__low_level_init        0x000084bb       0x4  Code  Gb  low_level_init.o [3]
__vector_table          0x00000000            Data  Gb  startup_MIMXRT1052.o [1]
__vector_table_0x1c     0x0000001c            Data  Gb  startup_MIMXRT1052.o [1]
_call_main              0x000084a9            Code  Gb  cmain.o [5]
_exit                   0x000084c5            Code  Gb  cexit.o [5]
_main                   0x000084b7            Code  Gb  cmain.o [5]
armPllConfig            0x000088cc       0x4  Data  Gb  clock_config.o [1]
check_fs                0x00006acf      0x78  Code  Lc  ff.o [1]
delay                   0x000064ff      0x12  Code  Gb  main.o [1]
disk_initialize         0x00007597      0x16  Code  Gb  diskio.o [1]
disk_read               0x000075ad      0x18  Code  Gb  diskio.o [1]
disk_status             0x00007581      0x16  Code  Gb  diskio.o [1]
disk_write              0x000075c5      0x18  Code  Gb  diskio.o [1]
exit                    0x000084bf       0x4  Code  Gb  exit.o [3]
f_chdrive               0x00006e7f      0x18  Code  Gb  ff.o [1]
f_mount                 0x00006e1f      0x60  Code  Gb  ff.o [1]
find_volume             0x00006b47     0x2d8  Code  Lc  ff.o [1]
frexp                   0x0000569d            Code  Gb  frexp.o [4]
frexpl                  0x0000569d            Code  Gb  frexp.o [4]
g_eventCardDetect       0x202002ec       0x4  Data  Lc  fsl_sdmmc_event.o [1]
g_eventTimeMilliseconds
                        0x202002f4       0x4  Data  Lc  fsl_sdmmc_event.o [1]
g_eventTransferComplete
                        0x202002f0       0x4  Data  Lc  fsl_sdmmc_event.o [1]
g_fileSystem            0x81e58020     0x234  Data  Lc  main.o [1]
g_rtcXtalFreq           0x20200054       0x4  Data  Gb  fsl_clock.o [1]
g_sd                    0x20200130      0xbc  Data  Gb  fsl_sd_disk.o [1]
g_sdmmc                 0x202001ec     0x100  Data  Gb  fsl_sdmmc_common.o [1]
g_usdhcAdma2Table       0x81e58000      0x20  Data  Gb  fsl_sdmmc_host.o [1]
g_xtalFreq              0x20200050       0x4  Data  Gb  fsl_clock.o [1]
get_ldnumber            0x00006a83      0x4c  Code  Lc  ff.o [1]
ld_dword                0x000069dd      0x16  Code  Lc  ff.o [1]
ld_word                 0x000069d1       0xc  Code  Lc  ff.o [1]
ldexp                   0x00005aa1            Code  Gb  ldexp.o [4]
ldexpl                  0x00005aa1            Code  Gb  ldexp.o [4]
lnbias                  0x00004a38     0x420  Data  Lc  pow64.o [4]
main                    0x00006847      0xd0  Code  Gb  main.o [1]
modf                    0x000043fd            Code  Gb  modf.o [4]
modfl                   0x000043fd            Code  Gb  modf.o [4]
move_window             0x00006a47      0x3c  Code  Lc  ff.o [1]
pow                     0x00004a31       0x4  Code  Gb  pow64.o [4]
powl                    0x00004a31       0x4  Code  Gb  pow64.o [4]
s_EDMAHandle            0x20200058      0x80  Data  Lc  fsl_edma.o [1]
s_debugConsoleIO        0x202000d8       0x8  Data  Lc  fsl_io.o [1]
s_elcdifApbClocks       0x00002e3e       0x2  Data  Lc  fsl_elcdif.o [1]
s_elcdifBases           0x000088d0       0x4  Data  Lc  fsl_elcdif.o [1]
s_elcdifPixClocks       0x00002ea6       0x2  Data  Lc  fsl_elcdif.o [1]
s_frameBuffer           0x81c00000  0x258000  Data  Lc  main.o [1]
s_frameDone             0x2020033c       0x1  Data  Lc  main.o [1]
s_gpioBases             0x000084e4      0x18  Data  Lc  fsl_gpio.o [1]
s_gpioClock             0x00008614       0xc  Data  Lc  fsl_gpio.o [1]
s_lpi2cMasterHandle     0x202000e4      0x10  Data  Lc  fsl_lpi2c.o [1]
s_lpi2cMasterIsr        0x202000e0       0x4  Data  Lc  fsl_lpi2c.o [1]
s_lpi2cSlaveHandle      0x202000f8      0x10  Data  Lc  fsl_lpi2c.o [1]
s_lpi2cSlaveIsr         0x202000f4       0x4  Data  Lc  fsl_lpi2c.o [1]
s_lpuartBases           0x00008408      0x24  Data  Lc  fsl_lpuart.o [1]
s_lpuartClock           0x000085bc      0x14  Data  Lc  fsl_lpuart.o [1]
s_lpuartHandle          0x20200108      0x24  Data  Lc  fsl_lpuart.o [1]
s_lpuartIsr             0x2020012c       0x4  Data  Lc  fsl_lpuart.o [1]
s_pixelFormatReg        0x20200000      0x28  Data  Gb  fsl_elcdif.o [1]
s_reTuningFlag          0x20200328       0x4  Data  Lc  fsl_sdmmc_host.o [1]
s_sdCardDetect          0x000085e4      0x14  Data  Lc  main.o [1]
s_sdInsertedFlag        0x20200324       0x1  Data  Lc  fsl_sdmmc_host.o [1]
s_usdhcBase             0x00008620       0xc  Data  Lc  fsl_usdhc.o [1]
s_usdhcClock            0x0000873c       0x8  Data  Lc  fsl_usdhc.o [1]
s_usdhcHandle           0x202002f8      0x2c  Data  Lc  fsl_sdmmc_host.o [1]
s_usdhcHandle           0x2020032c       0xc  Data  Lc  fsl_usdhc.o [1]
s_usdhcIRQ              0x00008734       0x8  Data  Lc  fsl_usdhc.o [1]
s_usdhcIsr              0x20200338       0x4  Data  Lc  fsl_usdhc.o [1]
s_usdhcTransferSuccessFlag
                        0x20200030       0x1  Data  Lc  fsl_sdmmc_host.o [1]
scalbln                 0x00005aa1            Code  Gb  ldexp.o [4]
scalblnl                0x00005aa1            Code  Gb  ldexp.o [4]
scalbn                  0x00005aa1            Code  Gb  ldexp.o [4]
scalbnl                 0x00005aa1            Code  Gb  ldexp.o [4]
sd_disk_initialize      0x0000786f      0x44  Code  Gb  fsl_sd_disk.o [1]
sd_disk_read            0x00007841      0x20  Code  Gb  fsl_sd_disk.o [1]
sd_disk_status          0x00007861       0xe  Code  Gb  fsl_sd_disk.o [1]
sd_disk_write           0x00007821      0x20  Code  Gb  fsl_sd_disk.o [1]
sdcardWaitCardInsert    0x00006551      0x94  Code  Lc  main.o [1]
strlen                  0x00004f09            Code  Gb  strlen.o [5]
sync_window             0x000069f3      0x54  Code  Lc  ff.o [1]
sysPllConfig            0x00008608       0xc  Data  Gb  clock_config.o [1]
usb1PllConfig           0x0000516e       0x1  Data  Gb  clock_config.o [1]


[1] = C:\Users\ZephRay\Documents\ARM\RT_USHI\IAR\Debug\Obj
[2] = command line
[3] = dl7M_tln.a
[4] = m7M_tlv.a
[5] = rt7M_tl.a
[6] = shb_l.a

     32 749 bytes of readonly  code memory
      2 311 bytes of readonly  data memory
  4 326 198 bytes of readwrite data memory

Errors: none
Warnings: none
